Enter password: ********
Welcome to the MySQL monitor.  Commands end with ; or \g.
Your MySQL connection id is 8
Server version: 8.0.25 MySQL Community Server - GPL

Copyright (c) 2000, 2021, Oracle and/or its affiliates.

Oracle is a registered trademark of Oracle Corporation and/or its
affiliates. Other names may be trademarks of their respective
owners.

Type 'help;' or '\h' for help. Type '\c' to clear the current input statement.

mysql> show databases;
+--------------------+
| Database           |
+--------------------+
| abc                |
| college_management |
| information_schema |
| java11to12         |
| java2pm            |
| java5to6pm         |
| java8to9pm         |
| java945to11        |
| javaproject        |
| mis10to11          |
| mysql              |
| newdb              |
| newdb1             |
| performance_schema |
| python2pm          |
| python2pmto3pm     |
| python3to4pm       |
| python7to8pm       |
| sys                |
+--------------------+
19 rows in set (0.05 sec)

mysql> ^C
mysql> show databases;
+--------------------+
| Database           |
+--------------------+
| abc                |
| college_management |
| information_schema |
| java11to12         |
| java2pm            |
| java5to6pm         |
| java8to9pm         |
| java945to11        |
| javaproject        |
| mis10to11          |
| mysql              |
| newdb              |
| newdb1             |
| performance_schema |
| python2pm          |
| python2pmto3pm     |
| python3to4pm       |
| python7to8pm       |
| sys                |
+--------------------+
19 rows in set (0.00 sec)

mysql> create database python10to11AM;
Query OK, 1 row affected (0.02 sec)

mysql> show databases;
+--------------------+
| Database           |
+--------------------+
| abc                |
| college_management |
| information_schema |
| java11to12         |
| java2pm            |
| java5to6pm         |
| java8to9pm         |
| java945to11        |
| javaproject        |
| mis10to11          |
| mysql              |
| newdb              |
| newdb1             |
| performance_schema |
| python10to11am     |
| python2pm          |
| python2pmto3pm     |
| python3to4pm       |
| python7to8pm       |
| sys                |
+--------------------+
20 rows in set (0.00 sec)

mysql> use python10to11am;
Database changed
mysql> show tables;
Empty set (0.02 sec)

mysql> ^C
mysql> create table emp (name varchar(30), id int);
Query OK, 0 rows affected (0.04 sec)

mysql> desc emp;
+-------+-------------+------+-----+---------+-------+
| Field | Type        | Null | Key | Default | Extra |
+-------+-------------+------+-----+---------+-------+
| name  | varchar(30) | YES  |     | NULL    |       |
| id    | int         | YES  |     | NULL    |       |
+-------+-------------+------+-----+---------+-------+
2 rows in set (0.01 sec)

mysql> Alter table emp add city varchar(30);
Query OK, 0 rows affected (0.02 sec)
Records: 0  Duplicates: 0  Warnings: 0

mysql> desc emp;
+-------+-------------+------+-----+---------+-------+
| Field | Type        | Null | Key | Default | Extra |
+-------+-------------+------+-----+---------+-------+
| name  | varchar(30) | YES  |     | NULL    |       |
| id    | int         | YES  |     | NULL    |       |
| city  | varchar(30) | YES  |     | NULL    |       |
+-------+-------------+------+-----+---------+-------+
3 rows in set (0.01 sec)

mysql> Alter table emp add salary double , add state varchar(10);
Query OK, 0 rows affected (0.02 sec)
Records: 0  Duplicates: 0  Warnings: 0

mysql> desc emp;
+--------+-------------+------+-----+---------+-------+
| Field  | Type        | Null | Key | Default | Extra |
+--------+-------------+------+-----+---------+-------+
| name   | varchar(30) | YES  |     | NULL    |       |
| id     | int         | YES  |     | NULL    |       |
| city   | varchar(30) | YES  |     | NULL    |       |
| salary | double      | YES  |     | NULL    |       |
| state  | varchar(10) | YES  |     | NULL    |       |
+--------+-------------+------+-----+---------+-------+
5 rows in set (0.00 sec)

mysql> Alter table emp Modify satte varchar(50);
ERROR 1054 (42S22): Unknown column 'satte' in 'emp'
mysql> Alter table emp Modify state varchar(50);
Query OK, 0 rows affected (0.01 sec)
Records: 0  Duplicates: 0  Warnings: 0

mysql> desc emp;
+--------+-------------+------+-----+---------+-------+
| Field  | Type        | Null | Key | Default | Extra |
+--------+-------------+------+-----+---------+-------+
| name   | varchar(30) | YES  |     | NULL    |       |
| id     | int         | YES  |     | NULL    |       |
| city   | varchar(30) | YES  |     | NULL    |       |
| salary | double      | YES  |     | NULL    |       |
| state  | varchar(50) | YES  |     | NULL    |       |
+--------+-------------+------+-----+---------+-------+
5 rows in set (0.01 sec)

mysql>
mysql>
mysql>
mysql> Alter table emp CHANGE COLUMN state new_state varchar(45);
Query OK, 0 rows affected (0.05 sec)
Records: 0  Duplicates: 0  Warnings: 0

mysql> Alter table emp CHANGE COLUMN state new_state varchar(45);Alter table emp CHANGE COLUMN state new_state varchar(45);